<html>
<body>
<pre>
<h1>µVision Build Log</h1>
<h2>Project:</h2>
D:\224138\project1.uvprojx
Project File Date:  03/05/2019

<h2>Output:</h2>
Rebuild target 'Target 1'
compiling main.c...
main.c(32): warning:  #111-D: statement is unreachable
                return 0;
main.c(41): warning:  #1-D: last line of file ends without a newline
  */
main.c: 2 warnings, 0 errors
assembling startup_stm32f40_41xxx.s...
compiling system_stm32f4xx.c...
linking...
Program Size: Code=1012 RO-data=424 RW-data=20 ZI-data=1636  
".\project1.axf" - 0 Error(s), 2 Warning(s).

<h2>Software Packages used:</h2>

Package Vendor: ARM
                http://www.keil.com/pack/ARM.CMSIS.3.20.4.pack
                ARM::CMSIS:CORE:3.20.0
                Cortex Microcontroller Software Interface Standard (CMSIS) CORE, DSP, RTOS, Driver
   * Component: CORE Version: 3.20.0

Package Vendor: Keil
                http://www.keil.com/pack/Keil.STM32F4xx_DFP.1.0.6.pack
                Keil::Device:Startup:1.3.0
                STMicroelectronics STM32F4 Series Device Support, Drivers and Examples
   * Component: Startup Version: 1.3.0

<h2>Collection of Component include folders:</h2>
  D:\224138\RTE
  D:\224138\RTE\Device\STM32F407VG
  C:\Keil\ARM\PACK\ARM\CMSIS\3.20.4\CMSIS\Include
  C:\Keil\ARM\PACK\Keil\STM32F4xx_DFP\1.0.6\Device\Include

<h2>Collection of Component Files used:</h2>

   * Component: ARM::CMSIS:CORE:3.20.0

   * Component: Keil::Device:Startup:1.3.0
      Source file:   Device\Source\ARM\STM32F40xxx_41xxx_OPT.s
      Source file:   Device\Source\ARM\STM32F4xx_OTP.s
      Include file:  Device\Include\stm32f4xx.h
      Source file:   Device\Source\ARM\startup_stm32f40_41xxx.s
      Source file:   Device\Source\system_stm32f4xx.c
      Include file:  RTE_Driver\Config\RTE_Device.h
Load "D:\\224138\\project1.axf" 
Erase Done.
Programming Done.
Verify OK.
nclude file:  RTE_Driver\Config\RTE_Device.h
Load "D:\\224138\\project1.axf" 
Erase Done.
Programming Done.
Verify OK.
Load "D:\\224138\\project1.axf" 
Erase Done.
Programming Done.
Verify OK.
Load "D:\\224138\\project1.axf" 
Erase Done.
Programming Done.
Verify OK.
Load "D:\\224138\\project1.axf" 
Erase Done.
Programming Done.
Verify OK.
Load "D:\\224138\\project1.axf" 
Erase Done.
Programming Done.
Verify OK.
Load "D:\\224138\\project1.axf" 
Erase Done.
Programming Done.
Verify OK.
